2026-06-18 09:27:26,677 [cordys-crm-quartz_Worker-1] INFO  c.c.c.i.d.s.DataEaseSyncService 64 - 定时同步DataEase数据，组织ID: 100001
2026-06-18 09:27:26,717 [cordys-crm-quartz_Worker-2] INFO  c.c.crm.system.job.TaskCleanupJob 34 - 开始执行所有清理任务
2026-06-18 09:27:26,726 [cordys-crm-quartz_Worker-2] INFO  c.c.c.s.j.l.CleanTempResourceListener 33 - 开始清理临时目录资源
2026-06-18 09:27:26,727 [cordys-crm-quartz_Worker-2] INFO  c.c.c.s.j.l.CleanTempResourceListener ? - 临时目录资源清理完成
2026-06-18 09:27:26,727 [cordys-crm-quartz_Worker-2] INFO  c.c.c.s.j.l.CluePoolRecycleListener 61 - 开始回收线索资源
2026-06-18 09:27:26,730 [cordys-crm-quartz_Worker-2] INFO  c.c.c.s.j.l.CluePoolRecycleListener ? - 没有启用的自动回收线索池，回收任务结束
2026-06-18 09:27:26,730 [cordys-crm-quartz_Worker-2] INFO  c.c.c.s.j.l.CustomerPoolRecycleListener ? - 开始回收客户资源
2026-06-18 09:27:26,733 [cordys-crm-quartz_Worker-2] INFO  c.c.c.s.j.l.CustomerPoolRecycleListener 84 - 没有启用的自动回收公海，回收任务结束
2026-06-18 09:27:26,733 [cordys-crm-quartz_Worker-2] INFO  c.c.c.s.j.l.FollowUpPlanRemindListener 71 - 跟进计划到期提醒
2026-06-18 09:27:26,740 [cordys-crm-quartz_Worker-2] INFO  c.c.c.s.j.l.FollowUpPlanRemindListener 153 - 跟进计划到期提醒完成
2026-06-18 09:27:26,740 [cordys-crm-quartz_Worker-2] INFO  c.c.c.s.j.l.OpportunityRuleListener 74 - 开始回收商机资源
2026-06-18 09:27:26,740 [cordys-crm-quartz_Worker-5] INFO  c.c.crm.system.job.NoticeExpireJob 265 - 开始处理 BUSINESS_QUOTATION_EXPIRING 即将到期提醒
2026-06-18 09:27:26,746 [cordys-crm-quartz_Worker-2] INFO  c.c.c.s.j.l.OpportunityRuleListener ? - 没有启用的自动回收商机规则，回收任务结束
2026-06-18 09:27:26,746 [cordys-crm-quartz_Worker-2] INFO  c.c.crm.system.job.TaskCleanupJob 36 - 所有清理任务执行完成
2026-06-18 09:27:26,752 [cordys-crm-quartz_Worker-5] INFO  c.c.crm.system.job.NoticeExpireJob ? - 组织 100001 的 BUSINESS_QUOTATION_EXPIRING 即将到期提醒处理完成
2026-06-18 09:27:26,752 [cordys-crm-quartz_Worker-5] INFO  c.c.crm.system.job.NoticeExpireJob ? - 开始处理 BUSINESS_QUOTATION_EXPIRED 到期提醒
2026-06-18 09:27:26,762 [cordys-crm-quartz_Worker-5] INFO  c.c.crm.system.job.NoticeExpireJob 265 - 开始处理 CONTRACT_PAYMENT_EXPIRING 即将到期提醒
2026-06-18 09:27:26,771 [cordys-crm-quartz_Worker-5] INFO  c.c.crm.system.job.NoticeExpireJob 311 - 组织 100001 的 CONTRACT_PAYMENT_EXPIRING 即将到期提醒处理完成
2026-06-18 09:27:26,771 [cordys-crm-quartz_Worker-5] INFO  c.c.crm.system.job.NoticeExpireJob ? - 开始处理 CONTRACT_PAYMENT_EXPIRED 到期提醒
2026-06-18 09:27:26,781 [cordys-crm-quartz_Worker-5] INFO  c.c.crm.system.job.NoticeExpireJob 265 - 开始处理 CONTRACT_EXPIRING 即将到期提醒
2026-06-18 09:27:26,792 [cordys-crm-quartz_Worker-5] INFO  c.c.crm.system.job.NoticeExpireJob 311 - 组织 100001 的 CONTRACT_EXPIRING 即将到期提醒处理完成
2026-06-18 09:27:26,792 [cordys-crm-quartz_Worker-5] INFO  c.c.crm.system.job.NoticeExpireJob 212 - 开始处理 CONTRACT_EXPIRED 到期提醒
