2026-06-17 18:19:30,581 [main] INFO  cn.cordys.Application ? - Starting Application vmain using Java 21.0.11 with PID 4148 (/Users/ui/Downloads/StaRiver CRM/backend/app/target/app-main.jar started by ui in /Users/ui/Downloads/StaRiver CRM)
2026-06-17 18:19:30,581 [main] INFO  cn.cordys.Application ? - No active profile set, falling back to 1 default profile: "default"
2026-06-17 18:20:20,242 [main] INFO  cn.cordys.Application ? - Starting Application vmain using Java 21.0.11 with PID 6027 (/Users/ui/Downloads/StaRiver CRM/backend/app/target/app-main.jar started by ui in /Users/ui/Downloads/StaRiver CRM)
2026-06-17 18:20:20,243 [main] INFO  cn.cordys.Application ? - No active profile set, falling back to 1 default profile: "default"
2026-06-17 18:30:42,606 [main] INFO  cn.cordys.Application ? - Starting Application vmain using Java 21.0.11 with PID 24174 (/Users/ui/Downloads/StaRiver CRM/backend/app/target/app-main.jar started by ui in /Users/ui/Downloads/StaRiver CRM)
2026-06-17 18:30:42,608 [main] INFO  cn.cordys.Application ? - No active profile set, falling back to 1 default profile: "default"
2026-06-17 19:08:21,227 [main] INFO  cn.cordys.Application ? - Starting Application vmain using Java 21.0.11 with PID 86388 (/Users/ui/Downloads/StaRiver CRM/backend/app/target/app-main.jar started by ui in /Users/ui/Downloads/StaRiver CRM)
2026-06-17 19:08:21,228 [main] INFO  cn.cordys.Application ? - No active profile set, falling back to 1 default profile: "default"
2026-06-17 19:11:53,711 [main] INFO  cn.cordys.Application ? - Starting Application vmain using Java 21.0.11 with PID 92274 (/Users/ui/Downloads/StaRiver CRM/backend/app/target/app-main.jar started by ui in /Users/ui/Downloads/StaRiver CRM)
2026-06-17 19:11:53,712 [main] INFO  cn.cordys.Application ? - No active profile set, falling back to 1 default profile: "default"
2026-06-17 19:20:47,178 [main] INFO  cn.cordys.Application ? - Starting Application vmain using Java 21.0.11 with PID 6596 (/Users/ui/Downloads/StaRiver CRM/backend/app/target/app-main.jar started by ui in /Users/ui/Downloads/StaRiver CRM)
2026-06-17 19:20:47,179 [main] INFO  cn.cordys.Application ? - No active profile set, falling back to 1 default profile: "default"
2026-06-17 19:20:53,150 [main] INFO  c.c.c.s.s.DisposableWorkerIdAssigner 38 - Add worker node:WorkerNode(id=8, hostName=198.18.0.1, port=1781695252975-1216463010, type=2, launchDate=1781695252980, modified=1781695252980, created=1781695252980)
2026-06-17 19:20:53,151 [main] INFO  c.c.c.uid.impl.DefaultUidGenerator 73 - Initialized UID Generator: epoch=2025-01-01, bits=(time:30, worker:21, seq:12), workerId=8
2026-06-17 19:20:59,381 [main] INFO  cn.cordys.Application ? - Started Application in 12.59 seconds (process running for 13.389)
2026-06-17 19:20:59,391 [main] INFO  cn.cordys.listener.AppListener ? - ===== 开始初始化配置 =====
2026-06-17 19:20:59,431 [main] INFO  c.c.c.s.s.DisposableWorkerIdAssigner 38 - Add worker node:WorkerNode(id=9, hostName=198.18.0.1, port=1781695259392-794811024, type=2, launchDate=1781695259392, modified=1781695259392, created=1781695259392)
2026-06-17 19:20:59,431 [main] INFO  c.c.c.uid.impl.DefaultUidGenerator 73 - Initialized UID Generator: epoch=2025-01-01, bits=(time:30, worker:21, seq:12), workerId=9
2026-06-17 19:20:59,432 [main] INFO  cn.cordys.listener.AppListener 56 - 初始化RSA配置
2026-06-17 19:20:59,504 [main] INFO  cn.cordys.listener.AppListener 59 - 初始化定时任务
2026-06-17 19:21:00,556 [main] INFO  cn.cordys.common.util.HikariCPUtils 59 - HikariCP Status:
Active Connections: 0
Idle Connections: 10
Total Connections: 10
Threads Awaiting Connection: 0

2026-06-17 19:21:00,562 [main] INFO  cn.cordys.common.util.HikariCPUtils 60 - HikariCP Configuration:
Maximum Pool Size: 100
Minimum Idle Connections: 10
Connection Timeout: 30000 ms
Idle Timeout: 300000 ms
Max Lifetime: 1800000 ms

2026-06-17 19:21:00,562 [main] INFO  cn.cordys.listener.AppListener 64 - 初始化默认组织数据
2026-06-17 19:21:02,356 [main] INFO  cn.cordys.listener.AppListener 67 - 停止导出任务
2026-06-17 19:21:02,563 [main] INFO  cn.cordys.listener.AppListener 70 - 清理表单缓存
2026-06-17 19:21:02,609 [main] INFO  cn.cordys.listener.AppListener 73 - ===== 完成初始化配置 =====
2026-06-17 19:21:59,311 [cordys-crm-quartz_Worker-2] INFO  c.c.crm.system.job.NoticeExpireJob 265 - 开始处理 BUSINESS_QUOTATION_EXPIRING 即将到期提醒
2026-06-17 19:21:59,337 [cordys-crm-quartz_Worker-3] INFO  c.c.c.i.d.s.DataEaseSyncService 64 - 定时同步DataEase数据，组织ID: 100001
2026-06-17 19:21:59,350 [cordys-crm-quartz_Worker-2] INFO  c.c.crm.system.job.NoticeExpireJob 311 - 组织 100001 的 BUSINESS_QUOTATION_EXPIRING 即将到期提醒处理完成
2026-06-17 19:21:59,351 [cordys-crm-quartz_Worker-2] INFO  c.c.crm.system.job.NoticeExpireJob 212 - 开始处理 BUSINESS_QUOTATION_EXPIRED 到期提醒
2026-06-17 19:21:59,373 [cordys-crm-quartz_Worker-2] INFO  c.c.crm.system.job.NoticeExpireJob 265 - 开始处理 CONTRACT_PAYMENT_EXPIRING 即将到期提醒
2026-06-17 19:21:59,387 [cordys-crm-quartz_Worker-2] INFO  c.c.crm.system.job.NoticeExpireJob ? - 组织 100001 的 CONTRACT_PAYMENT_EXPIRING 即将到期提醒处理完成
2026-06-17 19:21:59,389 [cordys-crm-quartz_Worker-2] INFO  c.c.crm.system.job.NoticeExpireJob 212 - 开始处理 CONTRACT_PAYMENT_EXPIRED 到期提醒
2026-06-17 19:21:59,400 [cordys-crm-quartz_Worker-2] INFO  c.c.crm.system.job.NoticeExpireJob 265 - 开始处理 CONTRACT_EXPIRING 即将到期提醒
2026-06-17 19:21:59,408 [cordys-crm-quartz_Worker-5] INFO  c.c.crm.system.job.TaskCleanupJob ? - 开始执行所有清理任务
2026-06-17 19:21:59,413 [cordys-crm-quartz_Worker-2] INFO  c.c.crm.system.job.NoticeExpireJob 311 - 组织 100001 的 CONTRACT_EXPIRING 即将到期提醒处理完成
2026-06-17 19:21:59,413 [cordys-crm-quartz_Worker-2] INFO  c.c.crm.system.job.NoticeExpireJob 212 - 开始处理 CONTRACT_EXPIRED 到期提醒
2026-06-17 19:21:59,421 [cordys-crm-quartz_Worker-5] INFO  c.c.c.s.j.l.CleanTempResourceListener ? - 开始清理临时目录资源
2026-06-17 19:21:59,430 [cordys-crm-quartz_Worker-5] INFO  c.c.c.s.j.l.CleanTempResourceListener ? - 临时目录资源清理完成
2026-06-17 19:21:59,430 [cordys-crm-quartz_Worker-5] INFO  c.c.c.s.j.l.CluePoolRecycleListener 61 - 开始回收线索资源
2026-06-17 19:21:59,437 [cordys-crm-quartz_Worker-5] INFO  c.c.c.s.j.l.CluePoolRecycleListener ? - 没有启用的自动回收线索池，回收任务结束
2026-06-17 19:21:59,437 [cordys-crm-quartz_Worker-5] INFO  c.c.c.s.j.l.CustomerPoolRecycleListener ? - 开始回收客户资源
2026-06-17 19:21:59,441 [cordys-crm-quartz_Worker-4] INFO  cn.cordys.crm.system.job.SessionJob ? - spring:session:sessions:fbb638d6-e0fa-4db3-9796-f377f1cd097f : admin 过期时间: 2144158
2026-06-17 19:21:59,445 [cordys-crm-quartz_Worker-5] INFO  c.c.c.s.j.l.CustomerPoolRecycleListener ? - 没有启用的自动回收公海，回收任务结束
2026-06-17 19:21:59,445 [cordys-crm-quartz_Worker-5] INFO  c.c.c.s.j.l.FollowUpPlanRemindListener ? - 跟进计划到期提醒
2026-06-17 19:21:59,453 [cordys-crm-quartz_Worker-5] INFO  c.c.c.s.j.l.FollowUpPlanRemindListener 153 - 跟进计划到期提醒完成
2026-06-17 19:21:59,453 [cordys-crm-quartz_Worker-5] INFO  c.c.c.s.j.l.OpportunityRuleListener 74 - 开始回收商机资源
2026-06-17 19:21:59,462 [cordys-crm-quartz_Worker-5] INFO  c.c.c.s.j.l.OpportunityRuleListener ? - 没有启用的自动回收商机规则，回收任务结束
2026-06-17 19:21:59,462 [cordys-crm-quartz_Worker-5] INFO  c.c.crm.system.job.TaskCleanupJob 36 - 所有清理任务执行完成
2026-06-17 19:21:59,584 [cordys-crm-quartz_Worker-4] INFO  cn.cordys.crm.system.job.SessionJob ? - spring:session:sessions:813dc269-e96a-4860-961c-d1dcd13e1eb7 : admin 过期时间: 2154197
2026-06-17 19:21:59,617 [cordys-crm-quartz_Worker-4] INFO  cn.cordys.crm.system.job.SessionJob 75 - spring:session:sessions:2ab87aeb-70ee-463d-91bc-778edc21f68f : admin 过期时间: 2144305
2026-06-17 19:21:59,648 [cordys-crm-quartz_Worker-4] INFO  cn.cordys.crm.system.job.SessionJob ? - spring:session:sessions:52ba241f-f3d4-4501-8752-e72f16ae9f32 : admin 过期时间: 2159960
2026-06-17 19:21:59,655 [cordys-crm-quartz_Worker-4] INFO  cn.cordys.crm.system.job.SessionJob ? - spring:session:sessions:f24ebd71-5735-4287-9dd9-b915c4d5e1f5 : admin 过期时间: 2155521
2026-06-17 19:21:59,674 [cordys-crm-quartz_Worker-4] INFO  cn.cordys.crm.system.job.SessionJob ? - spring:session:sessions:7014fb6a-6f6d-4ccb-a135-b1da317e49e3 : admin 过期时间: 2144728
2026-06-17 19:21:59,675 [cordys-crm-quartz_Worker-4] INFO  cn.cordys.crm.system.job.SessionJob ? - spring:session:sessions:13971b67-db77-44b5-a033-5ece533bfb4d : admin 过期时间: 2157786
2026-06-17 19:21:59,677 [cordys-crm-quartz_Worker-4] INFO  cn.cordys.crm.system.job.SessionJob ? - 用户会话统计: {"admin":7}
2026-06-17 19:22:02,615 [Quartz Scheduler [cordys-crm-quartz]] INFO  cn.cordys.quartz.SchedulerStarter ? - reschedule all jobs...
2026-06-17 23:58:02,752 [main] INFO  cn.cordys.Application ? - Starting Application vmain using Java 21.0.11 with PID 43628 (/Users/huangxingzhou/Documents/编程项目/StaRiverCRM/backend/app/target/app-main.jar started by huangxingzhou in /Users/huangxingzhou/Documents/编程项目/StaRiverCRM)
2026-06-17 23:58:02,752 [main] INFO  cn.cordys.Application ? - No active profile set, falling back to 1 default profile: "default"
2026-06-17 23:58:07,162 [main] INFO  c.c.c.s.s.DisposableWorkerIdAssigner 38 - Add worker node:WorkerNode(id=3, hostName=192.168.31.118, port=1781711887126-952067174, type=2, launchDate=1781711887128, modified=1781711887128, created=1781711887128)
2026-06-17 23:58:07,163 [main] INFO  c.c.c.uid.impl.DefaultUidGenerator 73 - Initialized UID Generator: epoch=2025-01-01, bits=(time:30, worker:21, seq:12), workerId=3
2026-06-17 23:58:10,052 [main] INFO  c.c.c.uid.impl.DefaultUidGenerator ? - Shutdown UID Generator...
2026-06-17 23:58:41,978 [main] INFO  cn.cordys.Application ? - Starting Application vmain using Java 21.0.11 with PID 44299 (/Users/huangxingzhou/Documents/编程项目/StaRiverCRM/backend/app/target/app-main.jar started by huangxingzhou in /Users/huangxingzhou/Documents/编程项目/StaRiverCRM)
2026-06-17 23:58:41,979 [main] INFO  cn.cordys.Application ? - No active profile set, falling back to 1 default profile: "default"
2026-06-17 23:58:46,380 [main] INFO  c.c.c.s.s.DisposableWorkerIdAssigner 38 - Add worker node:WorkerNode(id=4, hostName=192.168.31.118, port=1781711926338-1615917246, type=2, launchDate=1781711926341, modified=1781711926341, created=1781711926341)
2026-06-17 23:58:46,381 [main] INFO  c.c.c.uid.impl.DefaultUidGenerator 73 - Initialized UID Generator: epoch=2025-01-01, bits=(time:30, worker:21, seq:12), workerId=4
2026-06-17 23:58:49,488 [main] INFO  cn.cordys.Application ? - Started Application in 8.107 seconds (process running for 8.428)
2026-06-17 23:58:49,490 [main] INFO  cn.cordys.listener.AppListener ? - ===== 开始初始化配置 =====
2026-06-17 23:58:49,495 [main] INFO  c.c.c.s.s.DisposableWorkerIdAssigner 38 - Add worker node:WorkerNode(id=5, hostName=192.168.31.118, port=1781711929490-1681183388, type=2, launchDate=1781711929490, modified=1781711929490, created=1781711929490)
2026-06-17 23:58:49,495 [main] INFO  c.c.c.uid.impl.DefaultUidGenerator ? - Initialized UID Generator: epoch=2025-01-01, bits=(time:30, worker:21, seq:12), workerId=5
2026-06-17 23:58:49,495 [main] INFO  cn.cordys.listener.AppListener 56 - 初始化RSA配置
2026-06-17 23:58:49,506 [main] INFO  cn.cordys.listener.AppListener ? - 初始化定时任务
2026-06-17 23:58:49,529 [main] INFO  cn.cordys.common.util.HikariCPUtils ? - HikariCP Status:
Active Connections: 0
Idle Connections: 10
Total Connections: 10
Threads Awaiting Connection: 0

2026-06-17 23:58:49,530 [main] INFO  cn.cordys.common.util.HikariCPUtils ? - HikariCP Configuration:
Maximum Pool Size: 100
Minimum Idle Connections: 10
Connection Timeout: 30000 ms
Idle Timeout: 300000 ms
Max Lifetime: 1800000 ms

2026-06-17 23:58:49,530 [main] INFO  cn.cordys.listener.AppListener ? - 初始化默认组织数据
2026-06-17 23:58:49,579 [main] INFO  cn.cordys.listener.AppListener ? - 停止导出任务
2026-06-17 23:58:49,584 [main] INFO  cn.cordys.listener.AppListener ? - 清理表单缓存
2026-06-17 23:58:49,590 [main] INFO  cn.cordys.listener.AppListener ? - ===== 完成初始化配置 =====
2026-06-17 23:59:49,595 [Quartz Scheduler [cordys-crm-quartz]] INFO  cn.cordys.quartz.SchedulerStarter 168 - reschedule all jobs...
